Microchip MPLAB XC8 Compiler V2.40

Linker command line:

-W-3 \
  --edf=C:\Program Files\Microchip\xc8\v2.40\pic\dat\20220703182018_en.msgs \
  -cn -h+dist/default/debug\final.X.debug.sym \
  --cmf=dist/default/debug\final.X.debug.cmf -z -Q18F4520 \
  -oC:\Users\User\AppData\Local\Temp\xcAs1bt8.4 --defsym=__MPLAB_BUILD=1 \
  --fixupoverflow=error -Mdist/default/debug/final.X.debug.map \
  --md=C:\Users\User\AppData\Local\Temp\xcAs1bt8.dat -E1 -ver=XC8 Compiler \
  --acfsm=1493 -ACODE=00h-07DBFh -ACONST=00h-07DBFh \
  -ASMALLCONST=0600h-06FFhx119,07D00h-07DBFh -AMEDIUMCONST=0600h-07DBFh \
  -ACOMRAM=01h-07Fh -AABS1=00h-05F3h -ABIGRAM=01h-05F3h \
  -ARAM=080h-0FFh,0100h-01FFhx4,0500h-05F3h -ABANK0=080h-0FFh \
  -ABANK1=0100h-01FFh -ABANK2=0200h-02FFh -ABANK3=0300h-03FFh \
  -ABANK4=0400h-04FFh -ABANK5=0500h-05F3h \
  -ASFR=0F80h-0F9Bh,0F9Dh-0FD3h,0FD5h-0FDAh,0FE0h-0FE2h,0FE8h-0FEAh,0FF0h-0FFCh \
  -ABIGSFR=0F80h-0F9Bh,0F9Dh-0FD3h,0FD5h-0FDAh,0FE0h-0FE2h,0FE8h-0FEAh,0FF0h-0FFCh \
  -ACONFIG=0300000h-030000Dh -AIDLOC=0200000h-0200007h \
  -AEEDATA=0F00000h-0F000FFh -peeprom_data=EEDATA \
  -preset_vec=00h,intcode=08h,intcodelo,powerup,init -pramtop=0600h \
  -psmallconst=SMALLCONST -pmediumconst=MEDIUMCONST -pconst=CONST \
  -AFARRAM=00h-00h \
  -prdata=COMRAM,nvrram=COMRAM,nvbit=COMRAM,rbss=COMRAM,rbit=COMRAM \
  -pfarbss=FARRAM,fardata=FARRAM,nvFARRAM=FARRAM \
  -pintsave_regs=BIGRAM,bigbss=BIGRAM,bigdata=BIGRAM -pbss=RAM \
  -pidata=CODE,irdata=CODE,ibigdata=CODE,ifardata=CODE -prparam=COMRAM \
  C:\Users\User\AppData\Local\Temp\xcAs1bt8.o \
  dist/default/debug\final.X.debug.o 

Object code version is 3.11

Machine type is 18F4520



                Name                               Link     Load   Length Selector   Space Scale
C:\Users\User\AppData\Local\Temp\xcAs1bt8.o
                idloc                            200000   200000        8        0       5
                config                           300000   300000        E        0       4
                init                                  E        E        4        4       0
                reset_vec                             0        0        4        0       0
dist/default/debug\final.X.debug.o
                intcode                               8        8        6        4       0
                idloc                            200000   200000        8        0       5
                config                           300000   300000        E        0       4
                temp                                 25       25        1        1       1
                text6                               4E4      4E4       66        4       0
                intcode_body                        592      592       48        4       0
                text4                               54A      54A       48        4       0
                text3                               368      368       C4        4       0
                text2                                12       12      356        4       0
                text1                               60C      60C       18        4       0
                text0                               42C      42C       B8        4       0
                cstackCOMRAM                          1        1       10        1       1
                dataCOMRAM                           11       11        C        1       1
                bssCOMRAM                            21       21        4        1       1
                cinit                               5DA      5DA       32        4       0
                nvCOMRAM                             1D       1D        4        1       1
                idataCOMRAM                         624      624        C        4       0

TOTAL           Name                               Link     Load   Length     Space
        CLASS   CODE           
                intcode                               8        8        6         0
                init                                  E        E        4         0
                reset_vec                             0        0        4         0
                text6                               4E4      4E4       66         0
                intcode_body                        592      592       48         0
                text4                               54A      54A       48         0
                text3                               368      368       C4         0
                text2                                12       12      356         0
                text1                               60C      60C       18         0
                text0                               42C      42C       B8         0
                cinit                               5DA      5DA       32         0
                idataCOMRAM                         624      624        C         0

        CLASS   CONST          

        CLASS   SMALLCONST     

        CLASS   MEDIUMCONST    

        CLASS   COMRAM         
                temp                                 25       25        1         1
                cstackCOMRAM                          1        1       10         1
                dataCOMRAM                           11       11        C         1
                bssCOMRAM                            21       21        4         1
                nvCOMRAM                             1D       1D        4         1

        CLASS   ABS1           

        CLASS   BIGRAM         

        CLASS   RAM            

        CLASS   BANK0          

        CLASS   BANK1          

        CLASS   BANK2          

        CLASS   BANK3          

        CLASS   BANK4          

        CLASS   BANK5          

        CLASS   SFR            

        CLASS   BIGSFR         

        CLASS   CONFIG         
                config                           300000   300000        E         4

        CLASS   IDLOC          
                idloc                            200000   200000        8         5

        CLASS   EEDATA         

        CLASS   FARRAM         

        CLASS   HEAP           

        CLASS   STACK          



SEGMENTS        Name                           Load    Length   Top    Selector   Space  Class

                reset_vec                      000000  000004  000004         0       0  CODE    
                cstackCOMRAM                   000001  000025  000026         1       1  COMRAM  
                intcode                        000008  000628  000630         4       0  CODE    


UNUSED ADDRESS RANGES

        Name                Unused          Largest block    Delta
        BANK0            000080-0000FF               80
        BANK1            000100-0001FF              100
        BANK2            000200-0002FF              100
        BANK3            000300-0003FF              100
        BANK4            000400-0004FF              100
        BANK5            000500-0005F3               F4
        BIGRAM           000026-0005F3              5CE
        BIGSFR           000F80-000F9B               1C
                         000F9D-000FD3               37
                         000FD5-000FDA                6
                         000FE0-000FE2                3
                         000FE8-000FEA                3
                         000FF0-000FFC                D
        CODE             000004-000007                4
                         000630-007DBF             7790
        COMRAM           000026-00007F               5A
        CONST            000004-000007                4
                         000630-007DBF             7790
        EEDATA           F00000-F000FF              100
        MEDIUMCONST      000630-007DBF             7790
        RAM              000080-0005F3              100
        SFR              000F80-000F9B               1C
                         000F9D-000FD3               37
                         000FD5-000FDA                6
                         000FE0-000FE2                3
                         000FE8-000FEA                3
                         000FF0-000FFC                D
        SMALLCONST       000630-007DBF              100

                                  Symbol Table

?___awdiv                   cstackCOMRAM 000003
_A                          dataCOMRAM   000017
_ADCON1                     (abs)        000FC1
_B                          dataCOMRAM   000011
_CCP1CONbits                (abs)        000FBD
_CCP2CONbits                (abs)        000FBA
_CCPR1L                     (abs)        000FBE
_CCPR2L                     (abs)        000FBB
_COMP_ISR                   intcode      000008
_INTCON3bits                (abs)        000FF0
_INTCONbits                 (abs)        000FF2
_LATC                       (abs)        000F8B
_LATD                       (abs)        000F8C
_OSCCONbits                 (abs)        000FD3
_PR2                        (abs)        000FCB
_T0CONbits                  (abs)        000FD5
_T2CONbits                  (abs)        000FCA
_TMR0H                      (abs)        000FD7
_TMR0L                      (abs)        000FD6
_TRISC                      (abs)        000F94
_TRISD                      (abs)        000F95
__HRAM                      (abs)        000000
__Habs1                     abs1         000000
__Hbank0                    bank0        000000
__Hbank1                    bank1        000000
__Hbank2                    bank2        000000
__Hbank3                    bank3        000000
__Hbank4                    bank4        000000
__Hbank5                    bank5        000000
__Hbigbss                   bigbss       000000
__Hbigdata                  bigdata      000000
__Hbigram                   bigram       000000
__Hbigsfr                   bigsfr       000000
__Hbss                      bss          000000
__HbssCOMRAM                bssCOMRAM    000000
__Hcinit                    cinit        000000
__Hclrtext                  clrtext      000000
__Hcomram                   comram       000000
__Hconfig                   config       30000E
__Hconst                    const        000000
__HcstackCOMRAM             cstackCOMRAM 000000
__Hdata                     data         000000
__HdataCOMRAM               dataCOMRAM   000000
__Heeprom_data              eeprom_data  000000
__Hfarbss                   farbss       000000
__Hfardata                  fardata      000000
__Hheap                     heap         000000
__Hibigdata                 ibigdata     000000
__Hidata                    idata        000000
__HidataCOMRAM              idataCOMRAM  000000
__Hidloc                    idloc        200008
__Hifardata                 ifardata     000000
__Hinit                     init         000012
__Hintcode                  intcode      00000E
__Hintcode_body             intcode_body 000000
__Hintcodelo                intcodelo    00000E
__Hintentry                 intentry     000000
__Hintret                   intret       000000
__Hintsave_regs             intsave_regs 000000
__Hirdata                   irdata       000000
__Hmediumconst              mediumconst  000000
__HnvCOMRAM                 nvCOMRAM     000000
__HnvFARRAM                 nvFARRAM     000000
__Hnvbit                    nvbit        000000
__Hnvrram                   nvrram       000000
__Hparam                    rparam       000000
__Hpowerup                  powerup      00000E
__Hram                      ram          000000
__Hramtop                   ramtop       000600
__Hrbit                     rbit         000000
__Hrbss                     rbss         000000
__Hrdata                    rdata        000000
__Hreset_vec                reset_vec    000004
__Hrparam                   rparam       000000
__Hsfr                      sfr          000000
__Hsmallconst               smallconst   000000
__Hspace_0                  (abs)        000630
__Hspace_1                  (abs)        000026
__Hspace_2                  (abs)        000000
__Hspace_4                  (abs)        60000E
__Hstack                    stack        000000
__Hstruct                   struct       000000
__Htemp                     temp         000026
__Htext                     text         000000
__Htext0                    text0        000000
__Htext1                    text1        000000
__Htext2                    text2        000000
__Htext3                    text3        000000
__Htext4                    text4        000000
__Htext6                    text6        000000
__LRAM                      (abs)        000001
__Labs1                     abs1         000000
__Lbank0                    bank0        000000
__Lbank1                    bank1        000000
__Lbank2                    bank2        000000
__Lbank3                    bank3        000000
__Lbank4                    bank4        000000
__Lbank5                    bank5        000000
__Lbigbss                   bigbss       000000
__Lbigdata                  bigdata      000000
__Lbigram                   bigram       000000
__Lbigsfr                   bigsfr       000000
__Lbss                      bss          000000
__LbssCOMRAM                bssCOMRAM    000000
__Lcinit                    cinit        000000
__Lclrtext                  clrtext      000000
__Lcomram                   comram       000000
__Lconfig                   config       000000
__Lconst                    const        000000
__LcstackCOMRAM             cstackCOMRAM 000000
__Ldata                     data         000000
__LdataCOMRAM               dataCOMRAM   000000
__Leeprom_data              eeprom_data  000000
__Lfarbss                   farbss       000000
__Lfardata                  fardata      000000
__Lheap                     heap         000000
__Libigdata                 ibigdata     000000
__Lidata                    idata        000000
__LidataCOMRAM              idataCOMRAM  000000
__Lidloc                    idloc        000000
__Lifardata                 ifardata     000000
__Linit                     init         00000E
__Lintcode                  intcode      000008
__Lintcode_body             intcode_body 000000
__Lintcodelo                intcodelo    00000E
__Lintentry                 intentry     000000
__Lintret                   intret       000000
__Lintsave_regs             intsave_regs 000000
__Lirdata                   irdata       000000
__Lmediumconst              mediumconst  000000
__LnvCOMRAM                 nvCOMRAM     000000
__LnvFARRAM                 nvFARRAM     000000
__Lnvbit                    nvbit        000000
__Lnvrram                   nvrram       000000
__Lparam                    rparam       000000
__Lpowerup                  powerup      00000E
__Lram                      ram          000000
__Lramtop                   ramtop       000600
__Lrbit                     rbit         000000
__Lrbss                     rbss         000000
__Lrdata                    rdata        000000
__Lreset_vec                reset_vec    000000
__Lrparam                   rparam       000000
__Lsfr                      sfr          000000
__Lsmallconst               smallconst   000000
__Lspace_0                  (abs)        000000
__Lspace_1                  (abs)        000000
__Lspace_2                  (abs)        000000
__Lspace_4                  (abs)        000000
__Lstack                    stack        000000
__Lstruct                   struct       000000
__Ltemp                     temp         000025
__Ltext                     text         000000
__Ltext0                    text0        000000
__Ltext1                    text1        000000
__Ltext2                    text2        000000
__Ltext3                    text3        000000
__Ltext4                    text4        000000
__Ltext6                    text6        000000
__S0                        (abs)        000630
__S1                        (abs)        000026
__S4                        (abs)        000000
__S5                        (abs)        000000
___awdiv                    text3        000368
___awdiv@counter            cstackCOMRAM 000007
___awdiv@dividend           cstackCOMRAM 000003
___awdiv@divisor            cstackCOMRAM 000005
___awdiv@quotient           cstackCOMRAM 000009
___awdiv@sign               cstackCOMRAM 000008
___heap_hi                  (abs)        000000
___heap_lo                  (abs)        000000
___inthi_sp                 stack        000000
___intlo_sp                 stack        000000
___param_bank               (abs)        000000
___rparam_used              (abs)        000001
___sp                       stack        000000
__accesstop                 (abs)        000080
__activetblptr              (abs)        000000
__end_of_COMP_ISR           intcode_body 0005DA
__end_of___awdiv            text3        00042C
__end_of__initialization    cinit        000602
__end_of_check              text6        00054A
__end_of_main               text0        0004E4
__end_of_servo_motor_setups text4        000592
__end_of_servo_start        text2        000368
__end_of_timer0_setups      text1        000624
__initialization            cinit        0005DA
__mediumconst               mediumconst  000000
__pbssCOMRAM                bssCOMRAM    000021
__pcinit                    cinit        0005DA
__pcstackCOMRAM             cstackCOMRAM 000001
__pdataCOMRAM               dataCOMRAM   000011
__pidataCOMRAM              idataCOMRAM  000624
__pintcode                  intcode      000008
__pintcode_body             intcode_body 000592
__pnvCOMRAM                 nvCOMRAM     00001D
__ptext0                    text0        00042C
__ptext1                    text1        00060C
__ptext2                    text2        000012
__ptext3                    text3        000368
__ptext4                    text4        00054A
__ptext6                    text6        0004E4
__ramtop                    ramtop       000600
__smallconst                smallconst   000000
_check                      text6        0004E4
_direction                  bssCOMRAM    000021
_i                          bssCOMRAM    000023
_main                       text0        00042C
_player1                    nvCOMRAM     00001F
_player2                    nvCOMRAM     00001D
_servo_motor_setups         text4        00054A
_servo_start                text2        000012
_servo_start$992            cstackCOMRAM 00000C
_timer0_setups              text1        00060C
btemp                       temp         000025
end_of_initialization       cinit        000602
int$flags                   temp         000025
int_func                    intcode_body 000592
intlevel0                   text         000000
intlevel1                   text         000000
intlevel2                   text         000000
intlevel3                   text         000000
isa$std                     (abs)        000001
isa$xinst                   (abs)        000000
servo_start@j               cstackCOMRAM 00000E
stackhi                     (abs)        000000
stacklo                     (abs)        000000
start                       init         00000E
start_initialization        cinit        0005DA
ttemp5                      temp         000026
ttemp6                      temp         000029
ttemp7                      temp         00002D
wtemp8                      temp         000026


MODULE INFORMATION

Module		Function		Class		Link	Load	Size
C:\Program Files\Microchip\xc8\v2.40\pic\sources\c99\common\awdiv.c
		___awdiv       		CODE           	0368	0000	196

C:\Program Files\Microchip\xc8\v2.40\pic\sources\c99\common\awdiv.c estimated size: 196

setting_hardaware/buttonversion.c
		_servo_motor_setups		CODE           	054A	0000	72
		_COMP_ISR      		CODE           	0008	0000	78
		_main          		CODE           	042C	0000	184
		_servo_start   		CODE           	0012	0000	854
		_timer0_setups 		CODE           	060C	0000	24
		_check         		CODE           	04E4	0000	102

setting_hardaware/buttonversion.c estimated size: 1314

shared
		__initialization		CODE           	05DA	0000	40

shared estimated size: 40

